../Bsp/utils/software_i2c/soft_i2c.c:8:6:delay_xus	32	static
../Bsp/utils/software_i2c/soft_i2c.c:41:6:SDA_Output	32	static
../Bsp/utils/software_i2c/soft_i2c.c:51:6:SDA_Input	32	static
../Bsp/utils/software_i2c/soft_i2c.c:60:6:SCL_Output	32	static
../Bsp/utils/software_i2c/soft_i2c.c:70:6:SCL_Input	32	static
../Bsp/utils/software_i2c/soft_i2c.c:80:6:Soft_I2C_Init	8	static
../Bsp/utils/software_i2c/soft_i2c.c:91:6:Soft_I2C_Start	8	static
../Bsp/utils/software_i2c/soft_i2c.c:105:6:Soft_I2C_Stop	8	static
../Bsp/utils/software_i2c/soft_i2c.c:116:9:Soft_I2C_Wait_Ack	16	static
../Bsp/utils/software_i2c/soft_i2c.c:139:6:Soft_I2C_Ack	8	static
../Bsp/utils/software_i2c/soft_i2c.c:152:6:Soft_I2C_NAck	8	static
../Bsp/utils/software_i2c/soft_i2c.c:167:6:Soft_I2C_Send_Byte	24	static
../Bsp/utils/software_i2c/soft_i2c.c:186:9:Soft_I2C_Read_Byte	24	static
../Bsp/utils/software_i2c/soft_i2c.c:207:6:SOFT_I2C_Master_Transmit	24	static
