../3rdParty/u8g2/cpp/WString.h:78:29:unsigned int String::length() const	16	static
../3rdParty/u8g2/cpp/WString.h:299:21:bool String::isSSO() const	16	static
../3rdParty/u8g2/cpp/WString.h:300:29:unsigned int String::len() const	16	static
../3rdParty/u8g2/cpp/WString.h:301:29:unsigned int String::capacity() const	16	static
../3rdParty/u8g2/cpp/WString.h:302:21:void String::setSSO(bool)	16	static
../3rdParty/u8g2/cpp/WString.h:303:21:void String::setLen(int)	16	static
../3rdParty/u8g2/cpp/WString.h:314:21:void String::setCapacity(int)	16	static
../3rdParty/u8g2/cpp/WString.h:315:21:void String::setBuffer(char*)	16	static
../3rdParty/u8g2/cpp/WString.h:317:28:const char* String::buffer() const	16	static
../3rdParty/u8g2/cpp/WString.h:318:22:char* String::wbuffer() const	16	static
../3rdParty/u8g2/cpp/WString.cpp:33:1:String::String(const char*)	16	static
../3rdParty/u8g2/cpp/WString.cpp:39:1:String::String(const String&)	16	static
../3rdParty/u8g2/cpp/WString.cpp:44:1:String::String(const __FlashStringHelper*)	16	static
../3rdParty/u8g2/cpp/WString.cpp:50:1:String::String(String&&)	16	static
../3rdParty/u8g2/cpp/WString.cpp:55:1:String::String(StringSumHelper&&)	16	static
../3rdParty/u8g2/cpp/WString.cpp:61:1:String::String(char)	24	static
../3rdParty/u8g2/cpp/WString.cpp:69:1:String::String(unsigned char, unsigned char)	32	static
../3rdParty/u8g2/cpp/WString.cpp:76:1:String::String(int, unsigned char)	64	static
../3rdParty/u8g2/cpp/WString.cpp:87:1:String::String(unsigned int, unsigned char)	64	static
../3rdParty/u8g2/cpp/WString.cpp:94:1:String::String(long int, unsigned char)	64	static
../3rdParty/u8g2/cpp/WString.cpp:105:1:String::String(long unsigned int, unsigned char)	64	static
../3rdParty/u8g2/cpp/WString.cpp:112:1:String::String(float, unsigned char)	72	static
../3rdParty/u8g2/cpp/WString.cpp:118:1:String::String(double, unsigned char)	64	static
../3rdParty/u8g2/cpp/WString.cpp:124:1:String::~String()	16	static
../3rdParty/u8g2/cpp/WString.cpp:132:13:void String::init()	16	static
../3rdParty/u8g2/cpp/WString.cpp:139:6:void String::invalidate()	16	static
../3rdParty/u8g2/cpp/WString.cpp:145:15:unsigned char String::reserve(unsigned int)	16	static
../3rdParty/u8g2/cpp/WString.cpp:156:15:unsigned char String::changeBuffer(unsigned int)	48	static
../3rdParty/u8g2/cpp/WString.cpp:208:10:String& String::copy(const char*, unsigned int)	24	static
../3rdParty/u8g2/cpp/WString.cpp:218:10:String& String::copy(const __FlashStringHelper*, unsigned int)	24	static
../3rdParty/u8g2/cpp/WString.cpp:229:6:void String::move(String&)	24	static
../3rdParty/u8g2/cpp/WString.cpp:259:10:String& String::operator=(const String&)	24	static
../3rdParty/u8g2/cpp/WString.cpp:272:10:String& String::operator=(String&&)	16	static
../3rdParty/u8g2/cpp/WString.cpp:278:10:String& String::operator=(StringSumHelper&&)	16	static
../3rdParty/u8g2/cpp/WString.cpp:285:10:String& String::operator=(const char*)	16	static
../3rdParty/u8g2/cpp/WString.cpp:294:10:String& String::operator=(const __FlashStringHelper*)	16	static
../3rdParty/u8g2/cpp/WString.cpp:306:15:unsigned char String::concat(const String&)	32	static
../3rdParty/u8g2/cpp/WString.cpp:326:15:unsigned char String::concat(const char*, unsigned int)	40	static
../3rdParty/u8g2/cpp/WString.cpp:344:15:unsigned char String::concat(const char*)	16	static
../3rdParty/u8g2/cpp/WString.cpp:350:15:unsigned char String::concat(char)	24	static
../3rdParty/u8g2/cpp/WString.cpp:357:15:unsigned char String::concat(unsigned char)	24	static
../3rdParty/u8g2/cpp/WString.cpp:363:15:unsigned char String::concat(int)	32	static
../3rdParty/u8g2/cpp/WString.cpp:369:15:unsigned char String::concat(unsigned int)	32	static
../3rdParty/u8g2/cpp/WString.cpp:375:15:unsigned char String::concat(long int)	32	static
../3rdParty/u8g2/cpp/WString.cpp:381:15:unsigned char String::concat(long unsigned int)	32	static
../3rdParty/u8g2/cpp/WString.cpp:387:15:unsigned char String::concat(float)	48	static
../3rdParty/u8g2/cpp/WString.cpp:393:15:unsigned char String::concat(double)	48	static
../3rdParty/u8g2/cpp/WString.cpp:399:15:unsigned char String::concat(const __FlashStringHelper*)	32	static
../3rdParty/u8g2/cpp/WString.cpp:414:19:StringSumHelper& operator+(const StringSumHelper&, const String&)	32	static
../3rdParty/u8g2/cpp/WString.cpp:421:19:StringSumHelper& operator+(const StringSumHelper&, const char*)	32	static
../3rdParty/u8g2/cpp/WString.cpp:428:19:StringSumHelper& operator+(const StringSumHelper&, char)	24	static
../3rdParty/u8g2/cpp/WString.cpp:435:19:StringSumHelper& operator+(const StringSumHelper&, unsigned char)	24	static
../3rdParty/u8g2/cpp/WString.cpp:442:19:StringSumHelper& operator+(const StringSumHelper&, int)	24	static
../3rdParty/u8g2/cpp/WString.cpp:449:19:StringSumHelper& operator+(const StringSumHelper&, unsigned int)	24	static
../3rdParty/u8g2/cpp/WString.cpp:456:19:StringSumHelper& operator+(const StringSumHelper&, long int)	24	static
../3rdParty/u8g2/cpp/WString.cpp:463:19:StringSumHelper& operator+(const StringSumHelper&, long unsigned int)	24	static
../3rdParty/u8g2/cpp/WString.cpp:470:19:StringSumHelper& operator+(const StringSumHelper&, float)	24	static
../3rdParty/u8g2/cpp/WString.cpp:477:19:StringSumHelper& operator+(const StringSumHelper&, double)	32	static
../3rdParty/u8g2/cpp/WString.cpp:484:19:StringSumHelper& operator+(const StringSumHelper&, const __FlashStringHelper*)	24	static
../3rdParty/u8g2/cpp/WString.cpp:496:5:int String::compareTo(const String&) const	24	static
../3rdParty/u8g2/cpp/WString.cpp:507:15:unsigned char String::equals(const String&) const	24	static
../3rdParty/u8g2/cpp/WString.cpp:511:15:unsigned char String::equals(const char*) const	16	static
../3rdParty/u8g2/cpp/WString.cpp:519:15:unsigned char String::operator<(const String&) const	16	static
../3rdParty/u8g2/cpp/WString.cpp:523:15:unsigned char String::operator>(const String&) const	16	static
../3rdParty/u8g2/cpp/WString.cpp:527:15:unsigned char String::operator<=(const String&) const	16	static
../3rdParty/u8g2/cpp/WString.cpp:531:15:unsigned char String::operator>=(const String&) const	16	static
../3rdParty/u8g2/cpp/WString.cpp:535:15:unsigned char String::equalsIgnoreCase(const String&) const	32	static
../3rdParty/u8g2/cpp/WString.cpp:551:15:unsigned char String::equalsConstantTime(const String&) const	48	static
../3rdParty/u8g2/cpp/WString.cpp:578:15:unsigned char String::startsWith(const String&) const	24	static
../3rdParty/u8g2/cpp/WString.cpp:584:15:unsigned char String::startsWith(const String&, unsigned int) const	32	static
../3rdParty/u8g2/cpp/WString.cpp:590:15:unsigned char String::endsWith(const String&) const	24	static
../3rdParty/u8g2/cpp/WString.cpp:600:6:char String::charAt(unsigned int) const	16	static
../3rdParty/u8g2/cpp/WString.cpp:604:6:void String::setCharAt(unsigned int, char)	24	static
../3rdParty/u8g2/cpp/WString.cpp:609:8:char& String::operator[](unsigned int)	16	static
../3rdParty/u8g2/cpp/WString.cpp:618:6:char String::operator[](unsigned int) const	16	static
../3rdParty/u8g2/cpp/WString.cpp:624:6:void String::getBytes(unsigned char*, unsigned int, unsigned int) const	32	static
../3rdParty/u8g2/cpp/WString.cpp:642:5:int String::indexOf(char) const	16	static
../3rdParty/u8g2/cpp/WString.cpp:646:5:int String::indexOf(char, unsigned int) const	32	static
../3rdParty/u8g2/cpp/WString.cpp:655:5:int String::indexOf(const String&) const	16	static
../3rdParty/u8g2/cpp/WString.cpp:659:5:int String::indexOf(const String&, unsigned int) const	40	static
../3rdParty/u8g2/cpp/WString.cpp:668:5:int String::lastIndexOf(char) const	16	static
../3rdParty/u8g2/cpp/WString.cpp:672:5:int String::lastIndexOf(char, unsigned int) const	32	static
../3rdParty/u8g2/cpp/WString.cpp:684:5:int String::lastIndexOf(const String&) const	24	static
../3rdParty/u8g2/cpp/WString.cpp:688:5:int String::lastIndexOf(const String&, unsigned int) const	40	static
../3rdParty/u8g2/cpp/WString.cpp:704:8:String String::substring(unsigned int, unsigned int) const	32	static
../3rdParty/u8g2/cpp/WString.cpp:726:6:void String::replace(char, char)	24	static
../3rdParty/u8g2/cpp/WString.cpp:735:6:void String::replace(const String&, const String&)	72	static
../3rdParty/u8g2/cpp/WString.cpp:783:6:void String::remove(unsigned int)	16	static
../3rdParty/u8g2/cpp/WString.cpp:790:6:void String::remove(unsigned int, unsigned int)	32	static
../3rdParty/u8g2/cpp/WString.cpp:807:6:void String::toLowerCase()	24	static
../3rdParty/u8g2/cpp/WString.cpp:815:6:void String::toUpperCase()	24	static
../3rdParty/u8g2/cpp/WString.cpp:823:6:void String::trim()	40	static
../3rdParty/u8g2/cpp/WString.cpp:843:6:long int String::toInt() const	16	static
../3rdParty/u8g2/cpp/WString.cpp:849:7:float String::toFloat() const	16	static
../3rdParty/u8g2/cpp/WString.cpp:855:8:double String::toDouble() const	16	static
../3rdParty/u8g2/cpp/WString.cpp:864:25:void __static_initialization_and_destruction_0(int, int)	16	static
../3rdParty/u8g2/cpp/WString.cpp:864:25:cpp)	8	static
../3rdParty/u8g2/cpp/WString.cpp:864:25:cpp)	8	static
